12:55:03 **** Rebuild of configuration Debug for project STM32L152VDT ****
Info: Internal Builder is used for build
arm-atollic-eabi-gcc -c -mthumb -mcpu=cortex-m3 -std=gnu11 -D__weak=__attribute__((weak)) -D__packed=__attribute__((__packed__)) -DUSE_HAL_DRIVER -DSTM32L152xD -I../../../Inc -I../../../Drivers/STM32L1xx_HAL_Driver/Inc -I../../../Drivers/STM32L1xx_HAL_Driver/Inc/Legacy -I../../../Middlewares/Third_Party/FatFs/src/drivers -I../../../Middlewares/ST/STM32_USB_Device_Library/Core/Inc -I../../../Middlewares/ST/STM32_USB_Device_Library/Class/DFU/Inc -I../../../Drivers/CMSIS/Device/ST/STM32L1xx/Include -I../../../Middlewares/Third_Party/FatFs/src -I../../../Drivers/CMSIS/Include -Os -ffunction-sections -fdata-sections -g -fstack-usage -Wall -specs=nano.specs -o Drivers\STM32L1xx_HAL_Driver\stm32l1xx_hal_spi.o ..\..\..\Drivers\STM32L1xx_HAL_Driver\Src\stm32l1xx_hal_spi.c 
arm-atollic-eabi-gcc -c -mthumb -mcpu=cortex-m3 -std=gnu11 -D__weak=__attribute__((weak)) -D__packed=__attribute__((__packed__)) -DUSE_HAL_DRIVER -DSTM32L152xD -I../../../Inc -I../../../Drivers/STM32L1xx_HAL_Driver/Inc -I../../../Drivers/STM32L1xx_HAL_Driver/Inc/Legacy -I../../../Middlewares/Third_Party/FatFs/src/drivers -I../../../Middlewares/ST/STM32_USB_Device_Library/Core/Inc -I../../../Middlewares/ST/STM32_USB_Device_Library/Class/DFU/Inc -I../../../Drivers/CMSIS/Device/ST/STM32L1xx/Include -I../../../Middlewares/Third_Party/FatFs/src -I../../../Drivers/CMSIS/Include -Os -ffunction-sections -fdata-sections -g -fstack-usage -Wall -specs=nano.specs -o Application\User\adc.o ..\..\..\Src\adc.c 
arm-atollic-eabi-gcc -c -mthumb -mcpu=cortex-m3 -std=gnu11 -D__weak=__attribute__((weak)) -D__packed=__attribute__((__packed__)) -DUSE_HAL_DRIVER -DSTM32L152xD -I../../../Inc -I../../../Drivers/STM32L1xx_HAL_Driver/Inc -I../../../Drivers/STM32L1xx_HAL_Driver/Inc/Legacy -I../../../Middlewares/Third_Party/FatFs/src/drivers -I../../../Middlewares/ST/STM32_USB_Device_Library/Core/Inc -I../../../Middlewares/ST/STM32_USB_Device_Library/Class/DFU/Inc -I../../../Drivers/CMSIS/Device/ST/STM32L1xx/Include -I../../../Middlewares/Third_Party/FatFs/src -I../../../Drivers/CMSIS/Include -Os -ffunction-sections -fdata-sections -g -fstack-usage -Wall -specs=nano.specs -o Application\User\usb_device.o ..\..\..\Src\usb_device.c 
arm-atollic-eabi-gcc -c -mthumb -mcpu=cortex-m3 -std=gnu11 -D__weak=__attribute__((weak)) -D__packed=__attribute__((__packed__)) -DUSE_HAL_DRIVER -DSTM32L152xD -I../../../Inc -I../../../Drivers/STM32L1xx_HAL_Driver/Inc -I../../../Drivers/STM32L1xx_HAL_Driver/Inc/Legacy -I../../../Middlewares/Third_Party/FatFs/src/drivers -I../../../Middlewares/ST/STM32_USB_Device_Library/Core/Inc -I../../../Middlewares/ST/STM32_USB_Device_Library/Class/DFU/Inc -I../../../Drivers/CMSIS/Device/ST/STM32L1xx/Include -I../../../Middlewares/Third_Party/FatFs/src -I../../../Drivers/CMSIS/Include -Os -ffunction-sections -fdata-sections -g -fstack-usage -Wall -specs=nano.specs -o Application\User\usbd_dfu_if.o ..\..\..\Src\usbd_dfu_if.c 
arm-atollic-eabi-gcc -c -mthumb -mcpu=cortex-m3 -std=gnu11 -D__weak=__attribute__((weak)) -D__packed=__attribute__((__packed__)) -DUSE_HAL_DRIVER -DSTM32L152xD -I../../../Inc -I../../../Drivers/STM32L1xx_HAL_Driver/Inc -I../../../Drivers/STM32L1xx_HAL_Driver/Inc/Legacy -I../../../Middlewares/Third_Party/FatFs/src/drivers -I../../../Middlewares/ST/STM32_USB_Device_Library/Core/Inc -I../../../Middlewares/ST/STM32_USB_Device_Library/Class/DFU/Inc -I../../../Drivers/CMSIS/Device/ST/STM32L1xx/Include -I../../../Middlewares/Third_Party/FatFs/src -I../../../Drivers/CMSIS/Include -Os -ffunction-sections -fdata-sections -g -fstack-usage -Wall -specs=nano.specs -o Middlewares\FatFs\sd_diskio.o ..\..\..\Middlewares\Third_Party\FatFs\src\drivers\sd_diskio.c 
arm-atollic-eabi-gcc -c -mthumb -mcpu=cortex-m3 -std=gnu11 -D__weak=__attribute__((weak)) -D__packed=__attribute__((__packed__)) -DUSE_HAL_DRIVER -DSTM32L152xD -I../../../Inc -I../../../Drivers/STM32L1xx_HAL_Driver/Inc -I../../../Drivers/STM32L1xx_HAL_Driver/Inc/Legacy -I../../../Middlewares/Third_Party/FatFs/src/drivers -I../../../Middlewares/ST/STM32_USB_Device_Library/Core/Inc -I../../../Middlewares/ST/STM32_USB_Device_Library/Class/DFU/Inc -I../../../Drivers/CMSIS/Device/ST/STM32L1xx/Include -I../../../Middlewares/Third_Party/FatFs/src -I../../../Drivers/CMSIS/Include -Os -ffunction-sections -fdata-sections -g -fstack-usage -Wall -specs=nano.specs -o Application\User\fatfs.o ..\..\..\Src\fatfs.c 
arm-atollic-eabi-gcc -c -mthumb -mcpu=cortex-m3 -std=gnu11 -D__weak=__attribute__((weak)) -D__packed=__attribute__((__packed__)) -DUSE_HAL_DRIVER -DSTM32L152xD -I../../../Inc -I../../../Drivers/STM32L1xx_HAL_Driver/Inc -I../../../Drivers/STM32L1xx_HAL_Driver/Inc/Legacy -I../../../Middlewares/Third_Party/FatFs/src/drivers -I../../../Middlewares/ST/STM32_USB_Device_Library/Core/Inc -I../../../Middlewares/ST/STM32_USB_Device_Library/Class/DFU/Inc -I../../../Drivers/CMSIS/Device/ST/STM32L1xx/Include -I../../../Middlewares/Third_Party/FatFs/src -I../../../Drivers/CMSIS/Include -Os -ffunction-sections -fdata-sections -g -fstack-usage -Wall -specs=nano.specs -o Drivers\STM32L1xx_HAL_Driver\stm32l1xx_hal_cortex.o ..\..\..\Drivers\STM32L1xx_HAL_Driver\Src\stm32l1xx_hal_cortex.c 
arm-atollic-eabi-gcc -c -mthumb -mcpu=cortex-m3 -std=gnu11 -D__weak=__attribute__((weak)) -D__packed=__attribute__((__packed__)) -DUSE_HAL_DRIVER -DSTM32L152xD -I../../../Inc -I../../../Drivers/STM32L1xx_HAL_Driver/Inc -I../../../Drivers/STM32L1xx_HAL_Driver/Inc/Legacy -I../../../Middlewares/Third_Party/FatFs/src/drivers -I../../../Middlewares/ST/STM32_USB_Device_Library/Core/Inc -I../../../Middlewares/ST/STM32_USB_Device_Library/Class/DFU/Inc -I../../../Drivers/CMSIS/Device/ST/STM32L1xx/Include -I../../../Middlewares/Third_Party/FatFs/src -I../../../Drivers/CMSIS/Include -Os -ffunction-sections -fdata-sections -g -fstack-usage -Wall -specs=nano.specs -o Middlewares\USB_Device_Library\usbd_ioreq.o ..\..\..\Middlewares\ST\STM32_USB_Device_Library\Core\Src\usbd_ioreq.c 
arm-atollic-eabi-gcc -c -mthumb -mcpu=cortex-m3 -std=gnu11 -D__weak=__attribute__((weak)) -D__packed=__attribute__((__packed__)) -DUSE_HAL_DRIVER -DSTM32L152xD -I../../../Inc -I../../../Drivers/STM32L1xx_HAL_Driver/Inc -I../../../Drivers/STM32L1xx_HAL_Driver/Inc/Legacy -I../../../Middlewares/Third_Party/FatFs/src/drivers -I../../../Middlewares/ST/STM32_USB_Device_Library/Core/Inc -I../../../Middlewares/ST/STM32_USB_Device_Library/Class/DFU/Inc -I../../../Drivers/CMSIS/Device/ST/STM32L1xx/Include -I../../../Middlewares/Third_Party/FatFs/src -I../../../Drivers/CMSIS/Include -Os -ffunction-sections -fdata-sections -g -fstack-usage -Wall -specs=nano.specs -o Drivers\STM32L1xx_HAL_Driver\stm32l1xx_hal_crc.o ..\..\..\Drivers\STM32L1xx_HAL_Driver\Src\stm32l1xx_hal_crc.c 
arm-atollic-eabi-gcc -c -mthumb -mcpu=cortex-m3 -std=gnu11 -D__weak=__attribute__((weak)) -D__packed=__attribute__((__packed__)) -DUSE_HAL_DRIVER -DSTM32L152xD -I../../../Inc -I../../../Drivers/STM32L1xx_HAL_Driver/Inc -I../../../Drivers/STM32L1xx_HAL_Driver/Inc/Legacy -I../../../Middlewares/Third_Party/FatFs/src/drivers -I../../../Middlewares/ST/STM32_USB_Device_Library/Core/Inc -I../../../Middlewares/ST/STM32_USB_Device_Library/Class/DFU/Inc -I../../../Drivers/CMSIS/Device/ST/STM32L1xx/Include -I../../../Middlewares/Third_Party/FatFs/src -I../../../Drivers/CMSIS/Include -Os -ffunction-sections -fdata-sections -g -fstack-usage -Wall -specs=nano.specs -o Drivers\STM32L1xx_HAL_Driver\stm32l1xx_hal_i2c.o ..\..\..\Drivers\STM32L1xx_HAL_Driver\Src\stm32l1xx_hal_i2c.c 
arm-atollic-eabi-gcc -c -mthumb -mcpu=cortex-m3 -std=gnu11 -D__weak=__attribute__((weak)) -D__packed=__attribute__((__packed__)) -DUSE_HAL_DRIVER -DSTM32L152xD -I../../../Inc -I../../../Drivers/STM32L1xx_HAL_Driver/Inc -I../../../Drivers/STM32L1xx_HAL_Driver/Inc/Legacy -I../../../Middlewares/Third_Party/FatFs/src/drivers -I../../../Middlewares/ST/STM32_USB_Device_Library/Core/Inc -I../../../Middlewares/ST/STM32_USB_Device_Library/Class/DFU/Inc -I../../../Drivers/CMSIS/Device/ST/STM32L1xx/Include -I../../../Middlewares/Third_Party/FatFs/src -I../../../Drivers/CMSIS/Include -Os -ffunction-sections -fdata-sections -g -fstack-usage -Wall -specs=nano.specs -o Application\User\i2s.o ..\..\..\Src\i2s.c 
arm-atollic-eabi-gcc -c -mthumb -mcpu=cortex-m3 -std=gnu11 -D__weak=__attribute__((weak)) -D__packed=__attribute__((__packed__)) -DUSE_HAL_DRIVER -DSTM32L152xD -I../../../Inc -I../../../Drivers/STM32L1xx_HAL_Driver/Inc -I../../../Drivers/STM32L1xx_HAL_Driver/Inc/Legacy -I../../../Middlewares/Third_Party/FatFs/src/drivers -I../../../Middlewares/ST/STM32_USB_Device_Library/Core/Inc -I../../../Middlewares/ST/STM32_USB_Device_Library/Class/DFU/Inc -I../../../Drivers/CMSIS/Device/ST/STM32L1xx/Include -I../../../Middlewares/Third_Party/FatFs/src -I../../../Drivers/CMSIS/Include -Os -ffunction-sections -fdata-sections -g -fstack-usage -Wall -specs=nano.specs -o Drivers\STM32L1xx_HAL_Driver\stm32l1xx_hal_rtc_ex.o ..\..\..\Drivers\STM32L1xx_HAL_Driver\Src\stm32l1xx_hal_rtc_ex.c 
arm-atollic-eabi-gcc -c -mthumb -mcpu=cortex-m3 -std=gnu11 -D__weak=__attribute__((weak)) -D__packed=__attribute__((__packed__)) -DUSE_HAL_DRIVER -DSTM32L152xD -I../../../Inc -I../../../Drivers/STM32L1xx_HAL_Driver/Inc -I../../../Drivers/STM32L1xx_HAL_Driver/Inc/Legacy -I../../../Middlewares/Third_Party/FatFs/src/drivers -I../../../Middlewares/ST/STM32_USB_Device_Library/Core/Inc -I../../../Middlewares/ST/STM32_USB_Device_Library/Class/DFU/Inc -I../../../Drivers/CMSIS/Device/ST/STM32L1xx/Include -I../../../Middlewares/Third_Party/FatFs/src -I../../../Drivers/CMSIS/Include -Os -ffunction-sections -fdata-sections -g -fstack-usage -Wall -specs=nano.specs -o Drivers\CMSIS\system_stm32l1xx.o ..\..\..\Src\system_stm32l1xx.c 
arm-atollic-eabi-gcc -c -mthumb -mcpu=cortex-m3 -std=gnu11 -D__weak=__attribute__((weak)) -D__packed=__attribute__((__packed__)) -DUSE_HAL_DRIVER -DSTM32L152xD -I../../../Inc -I../../../Drivers/STM32L1xx_HAL_Driver/Inc -I../../../Drivers/STM32L1xx_HAL_Driver/Inc/Legacy -I../../../Middlewares/Third_Party/FatFs/src/drivers -I../../../Middlewares/ST/STM32_USB_Device_Library/Core/Inc -I../../../Middlewares/ST/STM32_USB_Device_Library/Class/DFU/Inc -I../../../Drivers/CMSIS/Device/ST/STM32L1xx/Include -I../../../Middlewares/Third_Party/FatFs/src -I../../../Drivers/CMSIS/Include -Os -ffunction-sections -fdata-sections -g -fstack-usage -Wall -specs=nano.specs -o Drivers\STM32L1xx_HAL_Driver\stm32l1xx_hal_flash.o ..\..\..\Drivers\STM32L1xx_HAL_Driver\Src\stm32l1xx_hal_flash.c 
arm-atollic-eabi-gcc -c -mthumb -mcpu=cortex-m3 -std=gnu11 -D__weak=__attribute__((weak)) -D__packed=__attribute__((__packed__)) -DUSE_HAL_DRIVER -DSTM32L152xD -I../../../Inc -I../../../Drivers/STM32L1xx_HAL_Driver/Inc -I../../../Drivers/STM32L1xx_HAL_Driver/Inc/Legacy -I../../../Middlewares/Third_Party/FatFs/src/drivers -I../../../Middlewares/ST/STM32_USB_Device_Library/Core/Inc -I../../../Middlewares/ST/STM32_USB_Device_Library/Class/DFU/Inc -I../../../Drivers/CMSIS/Device/ST/STM32L1xx/Include -I../../../Middlewares/Third_Party/FatFs/src -I../../../Drivers/CMSIS/Include -Os -ffunction-sections -fdata-sections -g -fstack-usage -Wall -specs=nano.specs -o Middlewares\USB_Device_Library\usbd_core.o ..\..\..\Middlewares\ST\STM32_USB_Device_Library\Core\Src\usbd_core.c 
arm-atollic-eabi-gcc -c -mthumb -mcpu=cortex-m3 -std=gnu11 -D__weak=__attribute__((weak)) -D__packed=__attribute__((__packed__)) -DUSE_HAL_DRIVER -DSTM32L152xD -I../../../Inc -I../../../Drivers/STM32L1xx_HAL_Driver/Inc -I../../../Drivers/STM32L1xx_HAL_Driver/Inc/Legacy -I../../../Middlewares/Third_Party/FatFs/src/drivers -I../../../Middlewares/ST/STM32_USB_Device_Library/Core/Inc -I../../../Middlewares/ST/STM32_USB_Device_Library/Class/DFU/Inc -I../../../Drivers/CMSIS/Device/ST/STM32L1xx/Include -I../../../Middlewares/Third_Party/FatFs/src -I../../../Drivers/CMSIS/Include -Os -ffunction-sections -fdata-sections -g -fstack-usage -Wall -specs=nano.specs -o Drivers\STM32L1xx_HAL_Driver\stm32l1xx_hal_flash_ramfunc.o ..\..\..\Drivers\STM32L1xx_HAL_Driver\Src\stm32l1xx_hal_flash_ramfunc.c 
arm-atollic-eabi-gcc -c -mthumb -mcpu=cortex-m3 -std=gnu11 -D__weak=__attribute__((weak)) -D__packed=__attribute__((__packed__)) -DUSE_HAL_DRIVER -DSTM32L152xD -I../../../Inc -I../../../Drivers/STM32L1xx_HAL_Driver/Inc -I../../../Drivers/STM32L1xx_HAL_Driver/Inc/Legacy -I../../../Middlewares/Third_Party/FatFs/src/drivers -I../../../Middlewares/ST/STM32_USB_Device_Library/Core/Inc -I../../../Middlewares/ST/STM32_USB_Device_Library/Class/DFU/Inc -I../../../Drivers/CMSIS/Device/ST/STM32L1xx/Include -I../../../Middlewares/Third_Party/FatFs/src -I../../../Drivers/CMSIS/Include -Os -ffunction-sections -fdata-sections -g -fstack-usage -Wall -specs=nano.specs -o Drivers\STM32L1xx_HAL_Driver\stm32l1xx_hal_adc_ex.o ..\..\..\Drivers\STM32L1xx_HAL_Driver\Src\stm32l1xx_hal_adc_ex.c 
arm-atollic-eabi-gcc -c -mthumb -mcpu=cortex-m3 -std=gnu11 -D__weak=__attribute__((weak)) -D__packed=__attribute__((__packed__)) -DUSE_HAL_DRIVER -DSTM32L152xD -I../../../Inc -I../../../Drivers/STM32L1xx_HAL_Driver/Inc -I../../../Drivers/STM32L1xx_HAL_Driver/Inc/Legacy -I../../../Middlewares/Third_Party/FatFs/src/drivers -I../../../Middlewares/ST/STM32_USB_Device_Library/Core/Inc -I../../../Middlewares/ST/STM32_USB_Device_Library/Class/DFU/Inc -I../../../Drivers/CMSIS/Device/ST/STM32L1xx/Include -I../../../Middlewares/Third_Party/FatFs/src -I../../../Drivers/CMSIS/Include -Os -ffunction-sections -fdata-sections -g -fstack-usage -Wall -specs=nano.specs -o Application\User\sdio.o ..\..\..\Src\sdio.c 
arm-atollic-eabi-gcc -c -mthumb -mcpu=cortex-m3 -std=gnu11 -D__weak=__attribute__((weak)) -D__packed=__attribute__((__packed__)) -DUSE_HAL_DRIVER -DSTM32L152xD -I../../../Inc -I../../../Drivers/STM32L1xx_HAL_Driver/Inc -I../../../Drivers/STM32L1xx_HAL_Driver/Inc/Legacy -I../../../Middlewares/Third_Party/FatFs/src/drivers -I../../../Middlewares/ST/STM32_USB_Device_Library/Core/Inc -I../../../Middlewares/ST/STM32_USB_Device_Library/Class/DFU/Inc -I../../../Drivers/CMSIS/Device/ST/STM32L1xx/Include -I../../../Middlewares/Third_Party/FatFs/src -I../../../Drivers/CMSIS/Include -Os -ffunction-sections -fdata-sections -g -fstack-usage -Wall -specs=nano.specs -o Application\User\bsp_driver_sd.o ..\..\..\Src\bsp_driver_sd.c 
arm-atollic-eabi-gcc -c -mthumb -mcpu=cortex-m3 -std=gnu11 -D__weak=__attribute__((weak)) -D__packed=__attribute__((__packed__)) -DUSE_HAL_DRIVER -DSTM32L152xD -I../../../Inc -I../../../Drivers/STM32L1xx_HAL_Driver/Inc -I../../../Drivers/STM32L1xx_HAL_Driver/Inc/Legacy -I../../../Middlewares/Third_Party/FatFs/src/drivers -I../../../Middlewares/ST/STM32_USB_Device_Library/Core/Inc -I../../../Middlewares/ST/STM32_USB_Device_Library/Class/DFU/Inc -I../../../Drivers/CMSIS/Device/ST/STM32L1xx/Include -I../../../Middlewares/Third_Party/FatFs/src -I../../../Drivers/CMSIS/Include -Os -ffunction-sections -fdata-sections -g -fstack-usage -Wall -specs=nano.specs -o Drivers\STM32L1xx_HAL_Driver\stm32l1xx_hal_dac_ex.o ..\..\..\Drivers\STM32L1xx_HAL_Driver\Src\stm32l1xx_hal_dac_ex.c 
arm-atollic-eabi-gcc -c -mthumb -mcpu=cortex-m3 -std=gnu11 -D__weak=__attribute__((weak)) -D__packed=__attribute__((__packed__)) -DUSE_HAL_DRIVER -DSTM32L152xD -I../../../Inc -I../../../Drivers/STM32L1xx_HAL_Driver/Inc -I../../../Drivers/STM32L1xx_HAL_Driver/Inc/Legacy -I../../../Middlewares/Third_Party/FatFs/src/drivers -I../../../Middlewares/ST/STM32_USB_Device_Library/Core/Inc -I../../../Middlewares/ST/STM32_USB_Device_Library/Class/DFU/Inc -I../../../Drivers/CMSIS/Device/ST/STM32L1xx/Include -I../../../Middlewares/Third_Party/FatFs/src -I../../../Drivers/CMSIS/Include -Os -ffunction-sections -fdata-sections -g -fstack-usage -Wall -specs=nano.specs -o Application\User\main.o ..\..\..\Src\main.c 
arm-atollic-eabi-gcc -c -mthumb -mcpu=cortex-m3 -std=gnu11 -D__weak=__attribute__((weak)) -D__packed=__attribute__((__packed__)) -DUSE_HAL_DRIVER -DSTM32L152xD -I../../../Inc -I../../../Drivers/STM32L1xx_HAL_Driver/Inc -I../../../Drivers/STM32L1xx_HAL_Driver/Inc/Legacy -I../../../Middlewares/Third_Party/FatFs/src/drivers -I../../../Middlewares/ST/STM32_USB_Device_Library/Core/Inc -I../../../Middlewares/ST/STM32_USB_Device_Library/Class/DFU/Inc -I../../../Drivers/CMSIS/Device/ST/STM32L1xx/Include -I../../../Middlewares/Third_Party/FatFs/src -I../../../Drivers/CMSIS/Include -Os -ffunction-sections -fdata-sections -g -fstack-usage -Wall -specs=nano.specs -o Drivers\STM32L1xx_HAL_Driver\stm32l1xx_hal_adc.o ..\..\..\Drivers\STM32L1xx_HAL_Driver\Src\stm32l1xx_hal_adc.c 
arm-atollic-eabi-gcc -c -mthumb -mcpu=cortex-m3 -std=gnu11 -D__weak=__attribute__((weak)) -D__packed=__attribute__((__packed__)) -DUSE_HAL_DRIVER -DSTM32L152xD -I../../../Inc -I../../../Drivers/STM32L1xx_HAL_Driver/Inc -I../../../Drivers/STM32L1xx_HAL_Driver/Inc/Legacy -I../../../Middlewares/Third_Party/FatFs/src/drivers -I../../../Middlewares/ST/STM32_USB_Device_Library/Core/Inc -I../../../Middlewares/ST/STM32_USB_Device_Library/Class/DFU/Inc -I../../../Drivers/CMSIS/Device/ST/STM32L1xx/Include -I../../../Middlewares/Third_Party/FatFs/src -I../../../Drivers/CMSIS/Include -Os -ffunction-sections -fdata-sections -g -fstack-usage -Wall -specs=nano.specs -o Application\User\dac.o ..\..\..\Src\dac.c 
arm-atollic-eabi-gcc -c -mthumb -mcpu=cortex-m3 -std=gnu11 -D__weak=__attribute__((weak)) -D__packed=__attribute__((__packed__)) -DUSE_HAL_DRIVER -DSTM32L152xD -I../../../Inc -I../../../Drivers/STM32L1xx_HAL_Driver/Inc -I../../../Drivers/STM32L1xx_HAL_Driver/Inc/Legacy -I../../../Middlewares/Third_Party/FatFs/src/drivers -I../../../Middlewares/ST/STM32_USB_Device_Library/Core/Inc -I../../../Middlewares/ST/STM32_USB_Device_Library/Class/DFU/Inc -I../../../Drivers/CMSIS/Device/ST/STM32L1xx/Include -I../../../Middlewares/Third_Party/FatFs/src -I../../../Drivers/CMSIS/Include -Os -ffunction-sections -fdata-sections -g -fstack-usage -Wall -specs=nano.specs -o Drivers\STM32L1xx_HAL_Driver\stm32l1xx_hal_rcc_ex.o ..\..\..\Drivers\STM32L1xx_HAL_Driver\Src\stm32l1xx_hal_rcc_ex.c 
arm-atollic-eabi-gcc -c -mthumb -mcpu=cortex-m3 -std=gnu11 -D__weak=__attribute__((weak)) -D__packed=__attribute__((__packed__)) -DUSE_HAL_DRIVER -DSTM32L152xD -I../../../Inc -I../../../Drivers/STM32L1xx_HAL_Driver/Inc -I../../../Drivers/STM32L1xx_HAL_Driver/Inc/Legacy -I../../../Middlewares/Third_Party/FatFs/src/drivers -I../../../Middlewares/ST/STM32_USB_Device_Library/Core/Inc -I../../../Middlewares/ST/STM32_USB_Device_Library/Class/DFU/Inc -I../../../Drivers/CMSIS/Device/ST/STM32L1xx/Include -I../../../Middlewares/Third_Party/FatFs/src -I../../../Drivers/CMSIS/Include -Os -ffunction-sections -fdata-sections -g -fstack-usage -Wall -specs=nano.specs -o Application\User\crc.o ..\..\..\Src\crc.c 
arm-atollic-eabi-gcc -c -mthumb -mcpu=cortex-m3 -std=gnu11 -D__weak=__attribute__((weak)) -D__packed=__attribute__((__packed__)) -DUSE_HAL_DRIVER -DSTM32L152xD -I../../../Inc -I../../../Drivers/STM32L1xx_HAL_Driver/Inc -I../../../Drivers/STM32L1xx_HAL_Driver/Inc/Legacy -I../../../Middlewares/Third_Party/FatFs/src/drivers -I../../../Middlewares/ST/STM32_USB_Device_Library/Core/Inc -I../../../Middlewares/ST/STM32_USB_Device_Library/Class/DFU/Inc -I../../../Drivers/CMSIS/Device/ST/STM32L1xx/Include -I../../../Middlewares/Third_Party/FatFs/src -I../../../Drivers/CMSIS/Include -Os -ffunction-sections -fdata-sections -g -fstack-usage -Wall -specs=nano.specs -o Drivers\STM32L1xx_HAL_Driver\stm32l1xx_hal_pwr_ex.o ..\..\..\Drivers\STM32L1xx_HAL_Driver\Src\stm32l1xx_hal_pwr_ex.c 
arm-atollic-eabi-gcc -c -mthumb -mcpu=cortex-m3 -std=gnu11 -D__weak=__attribute__((weak)) -D__packed=__attribute__((__packed__)) -DUSE_HAL_DRIVER -DSTM32L152xD -I../../../Inc -I../../../Drivers/STM32L1xx_HAL_Driver/Inc -I../../../Drivers/STM32L1xx_HAL_Driver/Inc/Legacy -I../../../Middlewares/Third_Party/FatFs/src/drivers -I../../../Middlewares/ST/STM32_USB_Device_Library/Core/Inc -I../../../Middlewares/ST/STM32_USB_Device_Library/Class/DFU/Inc -I../../../Drivers/CMSIS/Device/ST/STM32L1xx/Include -I../../../Middlewares/Third_Party/FatFs/src -I../../../Drivers/CMSIS/Include -Os -ffunction-sections -fdata-sections -g -fstack-usage -Wall -specs=nano.specs -o Middlewares\FatFs\ff_gen_drv.o ..\..\..\Middlewares\Third_Party\FatFs\src\ff_gen_drv.c 
arm-atollic-eabi-gcc -c -mthumb -mcpu=cortex-m3 -std=gnu11 -D__weak=__attribute__((weak)) -D__packed=__attribute__((__packed__)) -DUSE_HAL_DRIVER -DSTM32L152xD -I../../../Inc -I../../../Drivers/STM32L1xx_HAL_Driver/Inc -I../../../Drivers/STM32L1xx_HAL_Driver/Inc/Legacy -I../../../Middlewares/Third_Party/FatFs/src/drivers -I../../../Middlewares/ST/STM32_USB_Device_Library/Core/Inc -I../../../Middlewares/ST/STM32_USB_Device_Library/Class/DFU/Inc -I../../../Drivers/CMSIS/Device/ST/STM32L1xx/Include -I../../../Middlewares/Third_Party/FatFs/src -I../../../Drivers/CMSIS/Include -Os -ffunction-sections -fdata-sections -g -fstack-usage -Wall -specs=nano.specs -o Application\User\stm32l1xx_it.o ..\..\..\Src\stm32l1xx_it.c 
arm-atollic-eabi-gcc -c -mthumb -mcpu=cortex-m3 -std=gnu11 -D__weak=__attribute__((weak)) -D__packed=__attribute__((__packed__)) -DUSE_HAL_DRIVER -DSTM32L152xD -I../../../Inc -I../../../Drivers/STM32L1xx_HAL_Driver/Inc -I../../../Drivers/STM32L1xx_HAL_Driver/Inc/Legacy -I../../../Middlewares/Third_Party/FatFs/src/drivers -I../../../Middlewares/ST/STM32_USB_Device_Library/Core/Inc -I../../../Middlewares/ST/STM32_USB_Device_Library/Class/DFU/Inc -I../../../Drivers/CMSIS/Device/ST/STM32L1xx/Include -I../../../Middlewares/Third_Party/FatFs/src -I../../../Drivers/CMSIS/Include -Os -ffunction-sections -fdata-sections -g -fstack-usage -Wall -specs=nano.specs -o Application\User\i2c.o ..\..\..\Src\i2c.c 
arm-atollic-eabi-gcc -c -mthumb -mcpu=cortex-m3 -std=gnu11 -D__weak=__attribute__((weak)) -D__packed=__attribute__((__packed__)) -DUSE_HAL_DRIVER -DSTM32L152xD -I../../../Inc -I../../../Drivers/STM32L1xx_HAL_Driver/Inc -I../../../Drivers/STM32L1xx_HAL_Driver/Inc/Legacy -I../../../Middlewares/Third_Party/FatFs/src/drivers -I../../../Middlewares/ST/STM32_USB_Device_Library/Core/Inc -I../../../Middlewares/ST/STM32_USB_Device_Library/Class/DFU/Inc -I../../../Drivers/CMSIS/Device/ST/STM32L1xx/Include -I../../../Middlewares/Third_Party/FatFs/src -I../../../Drivers/CMSIS/Include -Os -ffunction-sections -fdata-sections -g -fstack-usage -Wall -specs=nano.specs -o Application\User\spi.o ..\..\..\Src\spi.c 
arm-atollic-eabi-gcc -c -mthumb -mcpu=cortex-m3 -std=gnu11 -D__weak=__attribute__((weak)) -D__packed=__attribute__((__packed__)) -DUSE_HAL_DRIVER -DSTM32L152xD -I../../../Inc -I../../../Drivers/STM32L1xx_HAL_Driver/Inc -I../../../Drivers/STM32L1xx_HAL_Driver/Inc/Legacy -I../../../Middlewares/Third_Party/FatFs/src/drivers -I../../../Middlewares/ST/STM32_USB_Device_Library/Core/Inc -I../../../Middlewares/ST/STM32_USB_Device_Library/Class/DFU/Inc -I../../../Drivers/CMSIS/Device/ST/STM32L1xx/Include -I../../../Middlewares/Third_Party/FatFs/src -I../../../Drivers/CMSIS/Include -Os -ffunction-sections -fdata-sections -g -fstack-usage -Wall -specs=nano.specs -o Application\User\usbd_conf.o ..\..\..\Src\usbd_conf.c 
arm-atollic-eabi-gcc -c -mthumb -mcpu=cortex-m3 -std=gnu11 -D__weak=__attribute__((weak)) -D__packed=__attribute__((__packed__)) -DUSE_HAL_DRIVER -DSTM32L152xD -I../../../Inc -I../../../Drivers/STM32L1xx_HAL_Driver/Inc -I../../../Drivers/STM32L1xx_HAL_Driver/Inc/Legacy -I../../../Middlewares/Third_Party/FatFs/src/drivers -I../../../Middlewares/ST/STM32_USB_Device_Library/Core/Inc -I../../../Middlewares/ST/STM32_USB_Device_Library/Class/DFU/Inc -I../../../Drivers/CMSIS/Device/ST/STM32L1xx/Include -I../../../Middlewares/Third_Party/FatFs/src -I../../../Drivers/CMSIS/Include -Os -ffunction-sections -fdata-sections -g -fstack-usage -Wall -specs=nano.specs -o Drivers\STM32L1xx_HAL_Driver\stm32l1xx_ll_sdmmc.o ..\..\..\Drivers\STM32L1xx_HAL_Driver\Src\stm32l1xx_ll_sdmmc.c 
arm-atollic-eabi-gcc -c -mthumb -mcpu=cortex-m3 -std=gnu11 -D__weak=__attribute__((weak)) -D__packed=__attribute__((__packed__)) -DUSE_HAL_DRIVER -DSTM32L152xD -I../../../Inc -I../../../Drivers/STM32L1xx_HAL_Driver/Inc -I../../../Drivers/STM32L1xx_HAL_Driver/Inc/Legacy -I../../../Middlewares/Third_Party/FatFs/src/drivers -I../../../Middlewares/ST/STM32_USB_Device_Library/Core/Inc -I../../../Middlewares/ST/STM32_USB_Device_Library/Class/DFU/Inc -I../../../Drivers/CMSIS/Device/ST/STM32L1xx/Include -I../../../Middlewares/Third_Party/FatFs/src -I../../../Drivers/CMSIS/Include -Os -ffunction-sections -fdata-sections -g -fstack-usage -Wall -specs=nano.specs -o Middlewares\FatFs\ff.o ..\..\..\Middlewares\Third_Party\FatFs\src\ff.c 
arm-atollic-eabi-gcc -c -mthumb -mcpu=cortex-m3 -std=gnu11 -D__weak=__attribute__((weak)) -D__packed=__attribute__((__packed__)) -DUSE_HAL_DRIVER -DSTM32L152xD -I../../../Inc -I../../../Drivers/STM32L1xx_HAL_Driver/Inc -I../../../Drivers/STM32L1xx_HAL_Driver/Inc/Legacy -I../../../Middlewares/Third_Party/FatFs/src/drivers -I../../../Middlewares/ST/STM32_USB_Device_Library/Core/Inc -I../../../Middlewares/ST/STM32_USB_Device_Library/Class/DFU/Inc -I../../../Drivers/CMSIS/Device/ST/STM32L1xx/Include -I../../../Middlewares/Third_Party/FatFs/src -I../../../Drivers/CMSIS/Include -Os -ffunction-sections -fdata-sections -g -fstack-usage -Wall -specs=nano.specs -o Drivers\STM32L1xx_HAL_Driver\stm32l1xx_hal_pcd_ex.o ..\..\..\Drivers\STM32L1xx_HAL_Driver\Src\stm32l1xx_hal_pcd_ex.c 
arm-atollic-eabi-gcc -c -mthumb -mcpu=cortex-m3 -std=gnu11 -D__weak=__attribute__((weak)) -D__packed=__attribute__((__packed__)) -DUSE_HAL_DRIVER -DSTM32L152xD -I../../../Inc -I../../../Drivers/STM32L1xx_HAL_Driver/Inc -I../../../Drivers/STM32L1xx_HAL_Driver/Inc/Legacy -I../../../Middlewares/Third_Party/FatFs/src/drivers -I../../../Middlewares/ST/STM32_USB_Device_Library/Core/Inc -I../../../Middlewares/ST/STM32_USB_Device_Library/Class/DFU/Inc -I../../../Drivers/CMSIS/Device/ST/STM32L1xx/Include -I../../../Middlewares/Third_Party/FatFs/src -I../../../Drivers/CMSIS/Include -Os -ffunction-sections -fdata-sections -g -fstack-usage -Wall -specs=nano.specs -o Application\User\rtc.o ..\..\..\Src\rtc.c 
arm-atollic-eabi-gcc -c -mthumb -mcpu=cortex-m3 -std=gnu11 -D__weak=__attribute__((weak)) -D__packed=__attribute__((__packed__)) -DUSE_HAL_DRIVER -DSTM32L152xD -I../../../Inc -I../../../Drivers/STM32L1xx_HAL_Driver/Inc -I../../../Drivers/STM32L1xx_HAL_Driver/Inc/Legacy -I../../../Middlewares/Third_Party/FatFs/src/drivers -I../../../Middlewares/ST/STM32_USB_Device_Library/Core/Inc -I../../../Middlewares/ST/STM32_USB_Device_Library/Class/DFU/Inc -I../../../Drivers/CMSIS/Device/ST/STM32L1xx/Include -I../../../Middlewares/Third_Party/FatFs/src -I../../../Drivers/CMSIS/Include -Os -ffunction-sections -fdata-sections -g -fstack-usage -Wall -specs=nano.specs -o Middlewares\FatFs\syscall.o ..\..\..\Middlewares\Third_Party\FatFs\src\option\syscall.c 
arm-atollic-eabi-gcc -c -mthumb -mcpu=cortex-m3 -std=gnu11 -D__weak=__attribute__((weak)) -D__packed=__attribute__((__packed__)) -DUSE_HAL_DRIVER -DSTM32L152xD -I../../../Inc -I../../../Drivers/STM32L1xx_HAL_Driver/Inc -I../../../Drivers/STM32L1xx_HAL_Driver/Inc/Legacy -I../../../Middlewares/Third_Party/FatFs/src/drivers -I../../../Middlewares/ST/STM32_USB_Device_Library/Core/Inc -I../../../Middlewares/ST/STM32_USB_Device_Library/Class/DFU/Inc -I../../../Drivers/CMSIS/Device/ST/STM32L1xx/Include -I../../../Middlewares/Third_Party/FatFs/src -I../../../Drivers/CMSIS/Include -Os -ffunction-sections -fdata-sections -g -fstack-usage -Wall -specs=nano.specs -o Middlewares\USB_Device_Library\usbd_ctlreq.o ..\..\..\Middlewares\ST\STM32_USB_Device_Library\Core\Src\usbd_ctlreq.c 
arm-atollic-eabi-gcc -c -mthumb -mcpu=cortex-m3 -std=gnu11 -D__weak=__attribute__((weak)) -D__packed=__attribute__((__packed__)) -DUSE_HAL_DRIVER -DSTM32L152xD -I../../../Inc -I../../../Drivers/STM32L1xx_HAL_Driver/Inc -I../../../Drivers/STM32L1xx_HAL_Driver/Inc/Legacy -I../../../Middlewares/Third_Party/FatFs/src/drivers -I../../../Middlewares/ST/STM32_USB_Device_Library/Core/Inc -I../../../Middlewares/ST/STM32_USB_Device_Library/Class/DFU/Inc -I../../../Drivers/CMSIS/Device/ST/STM32L1xx/Include -I../../../Middlewares/Third_Party/FatFs/src -I../../../Drivers/CMSIS/Include -Os -ffunction-sections -fdata-sections -g -fstack-usage -Wall -specs=nano.specs -o Drivers\STM32L1xx_HAL_Driver\stm32l1xx_hal_dma.o ..\..\..\Drivers\STM32L1xx_HAL_Driver\Src\stm32l1xx_hal_dma.c 
arm-atollic-eabi-gcc -c -mthumb -mcpu=cortex-m3 -std=gnu11 -D__weak=__attribute__((weak)) -D__packed=__attribute__((__packed__)) -DUSE_HAL_DRIVER -DSTM32L152xD -I../../../Inc -I../../../Drivers/STM32L1xx_HAL_Driver/Inc -I../../../Drivers/STM32L1xx_HAL_Driver/Inc/Legacy -I../../../Middlewares/Third_Party/FatFs/src/drivers -I../../../Middlewares/ST/STM32_USB_Device_Library/Core/Inc -I../../../Middlewares/ST/STM32_USB_Device_Library/Class/DFU/Inc -I../../../Drivers/CMSIS/Device/ST/STM32L1xx/Include -I../../../Middlewares/Third_Party/FatFs/src -I../../../Drivers/CMSIS/Include -Os -ffunction-sections -fdata-sections -g -fstack-usage -Wall -specs=nano.specs -o Application\User\comp.o ..\..\..\Src\comp.c 
arm-atollic-eabi-gcc -c -mthumb -mcpu=cortex-m3 -std=gnu11 -D__weak=__attribute__((weak)) -D__packed=__attribute__((__packed__)) -DUSE_HAL_DRIVER -DSTM32L152xD -I../../../Inc -I../../../Drivers/STM32L1xx_HAL_Driver/Inc -I../../../Drivers/STM32L1xx_HAL_Driver/Inc/Legacy -I../../../Middlewares/Third_Party/FatFs/src/drivers -I../../../Middlewares/ST/STM32_USB_Device_Library/Core/Inc -I../../../Middlewares/ST/STM32_USB_Device_Library/Class/DFU/Inc -I../../../Drivers/CMSIS/Device/ST/STM32L1xx/Include -I../../../Middlewares/Third_Party/FatFs/src -I../../../Drivers/CMSIS/Include -Os -ffunction-sections -fdata-sections -g -fstack-usage -Wall -specs=nano.specs -o Drivers\STM32L1xx_HAL_Driver\stm32l1xx_hal_pcd.o ..\..\..\Drivers\STM32L1xx_HAL_Driver\Src\stm32l1xx_hal_pcd.c 
arm-atollic-eabi-gcc -c -mthumb -mcpu=cortex-m3 -std=gnu11 -D__weak=__attribute__((weak)) -D__packed=__attribute__((__packed__)) -DUSE_HAL_DRIVER -DSTM32L152xD -I../../../Inc -I../../../Drivers/STM32L1xx_HAL_Driver/Inc -I../../../Drivers/STM32L1xx_HAL_Driver/Inc/Legacy -I../../../Middlewares/Third_Party/FatFs/src/drivers -I../../../Middlewares/ST/STM32_USB_Device_Library/Core/Inc -I../../../Middlewares/ST/STM32_USB_Device_Library/Class/DFU/Inc -I../../../Drivers/CMSIS/Device/ST/STM32L1xx/Include -I../../../Middlewares/Third_Party/FatFs/src -I../../../Drivers/CMSIS/Include -Os -ffunction-sections -fdata-sections -g -fstack-usage -Wall -specs=nano.specs -o Drivers\STM32L1xx_HAL_Driver\stm32l1xx_hal_spi_ex.o ..\..\..\Drivers\STM32L1xx_HAL_Driver\Src\stm32l1xx_hal_spi_ex.c 
arm-atollic-eabi-gcc -c -mthumb -mcpu=cortex-m3 -std=gnu11 -D__weak=__attribute__((weak)) -D__packed=__attribute__((__packed__)) -DUSE_HAL_DRIVER -DSTM32L152xD -I../../../Inc -I../../../Drivers/STM32L1xx_HAL_Driver/Inc -I../../../Drivers/STM32L1xx_HAL_Driver/Inc/Legacy -I../../../Middlewares/Third_Party/FatFs/src/drivers -I../../../Middlewares/ST/STM32_USB_Device_Library/Core/Inc -I../../../Middlewares/ST/STM32_USB_Device_Library/Class/DFU/Inc -I../../../Drivers/CMSIS/Device/ST/STM32L1xx/Include -I../../../Middlewares/Third_Party/FatFs/src -I../../../Drivers/CMSIS/Include -Os -ffunction-sections -fdata-sections -g -fstack-usage -Wall -specs=nano.specs -o Drivers\STM32L1xx_HAL_Driver\stm32l1xx_hal_pwr.o ..\..\..\Drivers\STM32L1xx_HAL_Driver\Src\stm32l1xx_hal_pwr.c 
arm-atollic-eabi-gcc -c -mthumb -mcpu=cortex-m3 -std=gnu11 -D__weak=__attribute__((weak)) -D__packed=__attribute__((__packed__)) -DUSE_HAL_DRIVER -DSTM32L152xD -I../../../Inc -I../../../Drivers/STM32L1xx_HAL_Driver/Inc -I../../../Drivers/STM32L1xx_HAL_Driver/Inc/Legacy -I../../../Middlewares/Third_Party/FatFs/src/drivers -I../../../Middlewares/ST/STM32_USB_Device_Library/Core/Inc -I../../../Middlewares/ST/STM32_USB_Device_Library/Class/DFU/Inc -I../../../Drivers/CMSIS/Device/ST/STM32L1xx/Include -I../../../Middlewares/Third_Party/FatFs/src -I../../../Drivers/CMSIS/Include -Os -ffunction-sections -fdata-sections -g -fstack-usage -Wall -specs=nano.specs -o Drivers\STM32L1xx_HAL_Driver\stm32l1xx_hal_flash_ex.o ..\..\..\Drivers\STM32L1xx_HAL_Driver\Src\stm32l1xx_hal_flash_ex.c 
arm-atollic-eabi-gcc -c -mthumb -mcpu=cortex-m3 -std=gnu11 -D__weak=__attribute__((weak)) -D__packed=__attribute__((__packed__)) -DUSE_HAL_DRIVER -DSTM32L152xD -I../../../Inc -I../../../Drivers/STM32L1xx_HAL_Driver/Inc -I../../../Drivers/STM32L1xx_HAL_Driver/Inc/Legacy -I../../../Middlewares/Third_Party/FatFs/src/drivers -I../../../Middlewares/ST/STM32_USB_Device_Library/Core/Inc -I../../../Middlewares/ST/STM32_USB_Device_Library/Class/DFU/Inc -I../../../Drivers/CMSIS/Device/ST/STM32L1xx/Include -I../../../Middlewares/Third_Party/FatFs/src -I../../../Drivers/CMSIS/Include -Os -ffunction-sections -fdata-sections -g -fstack-usage -Wall -specs=nano.specs -o Application\User\usart.o ..\..\..\Src\usart.c 
arm-atollic-eabi-gcc -c -mthumb -mcpu=cortex-m3 -std=gnu11 -D__weak=__attribute__((weak)) -D__packed=__attribute__((__packed__)) -DUSE_HAL_DRIVER -DSTM32L152xD -I../../../Inc -I../../../Drivers/STM32L1xx_HAL_Driver/Inc -I../../../Drivers/STM32L1xx_HAL_Driver/Inc/Legacy -I../../../Middlewares/Third_Party/FatFs/src/drivers -I../../../Middlewares/ST/STM32_USB_Device_Library/Core/Inc -I../../../Middlewares/ST/STM32_USB_Device_Library/Class/DFU/Inc -I../../../Drivers/CMSIS/Device/ST/STM32L1xx/Include -I../../../Middlewares/Third_Party/FatFs/src -I../../../Drivers/CMSIS/Include -Os -ffunction-sections -fdata-sections -g -fstack-usage -Wall -specs=nano.specs -o Application\User\gpio.o ..\..\..\Src\gpio.c 
arm-atollic-eabi-gcc -c -mthumb -mcpu=cortex-m3 -std=gnu11 -D__weak=__attribute__((weak)) -D__packed=__attribute__((__packed__)) -DUSE_HAL_DRIVER -DSTM32L152xD -I../../../Inc -I../../../Drivers/STM32L1xx_HAL_Driver/Inc -I../../../Drivers/STM32L1xx_HAL_Driver/Inc/Legacy -I../../../Middlewares/Third_Party/FatFs/src/drivers -I../../../Middlewares/ST/STM32_USB_Device_Library/Core/Inc -I../../../Middlewares/ST/STM32_USB_Device_Library/Class/DFU/Inc -I../../../Drivers/CMSIS/Device/ST/STM32L1xx/Include -I../../../Middlewares/Third_Party/FatFs/src -I../../../Drivers/CMSIS/Include -Os -ffunction-sections -fdata-sections -g -fstack-usage -Wall -specs=nano.specs -o Drivers\STM32L1xx_HAL_Driver\stm32l1xx_hal_gpio.o ..\..\..\Drivers\STM32L1xx_HAL_Driver\Src\stm32l1xx_hal_gpio.c 
arm-atollic-eabi-gcc -c -mthumb -mcpu=cortex-m3 -std=gnu11 -D__weak=__attribute__((weak)) -D__packed=__attribute__((__packed__)) -DUSE_HAL_DRIVER -DSTM32L152xD -I../../../Inc -I../../../Drivers/STM32L1xx_HAL_Driver/Inc -I../../../Drivers/STM32L1xx_HAL_Driver/Inc/Legacy -I../../../Middlewares/Third_Party/FatFs/src/drivers -I../../../Middlewares/ST/STM32_USB_Device_Library/Core/Inc -I../../../Middlewares/ST/STM32_USB_Device_Library/Class/DFU/Inc -I../../../Drivers/CMSIS/Device/ST/STM32L1xx/Include -I../../../Middlewares/Third_Party/FatFs/src -I../../../Drivers/CMSIS/Include -Os -ffunction-sections -fdata-sections -g -fstack-usage -Wall -specs=nano.specs -o Drivers\STM32L1xx_HAL_Driver\stm32l1xx_hal_comp.o ..\..\..\Drivers\STM32L1xx_HAL_Driver\Src\stm32l1xx_hal_comp.c 
arm-atollic-eabi-gcc -c -mthumb -mcpu=cortex-m3 -std=gnu11 -D__weak=__attribute__((weak)) -D__packed=__attribute__((__packed__)) -DUSE_HAL_DRIVER -DSTM32L152xD -I../../../Inc -I../../../Drivers/STM32L1xx_HAL_Driver/Inc -I../../../Drivers/STM32L1xx_HAL_Driver/Inc/Legacy -I../../../Middlewares/Third_Party/FatFs/src/drivers -I../../../Middlewares/ST/STM32_USB_Device_Library/Core/Inc -I../../../Middlewares/ST/STM32_USB_Device_Library/Class/DFU/Inc -I../../../Drivers/CMSIS/Device/ST/STM32L1xx/Include -I../../../Middlewares/Third_Party/FatFs/src -I../../../Drivers/CMSIS/Include -Os -ffunction-sections -fdata-sections -g -fstack-usage -Wall -specs=nano.specs -o Drivers\STM32L1xx_HAL_Driver\stm32l1xx_hal_rtc.o ..\..\..\Drivers\STM32L1xx_HAL_Driver\Src\stm32l1xx_hal_rtc.c 
arm-atollic-eabi-gcc -c -mthumb -mcpu=cortex-m3 -std=gnu11 -D__weak=__attribute__((weak)) -D__packed=__attribute__((__packed__)) -DUSE_HAL_DRIVER -DSTM32L152xD -I../../../Inc -I../../../Drivers/STM32L1xx_HAL_Driver/Inc -I../../../Drivers/STM32L1xx_HAL_Driver/Inc/Legacy -I../../../Middlewares/Third_Party/FatFs/src/drivers -I../../../Middlewares/ST/STM32_USB_Device_Library/Core/Inc -I../../../Middlewares/ST/STM32_USB_Device_Library/Class/DFU/Inc -I../../../Drivers/CMSIS/Device/ST/STM32L1xx/Include -I../../../Middlewares/Third_Party/FatFs/src -I../../../Drivers/CMSIS/Include -Os -ffunction-sections -fdata-sections -g -fstack-usage -Wall -specs=nano.specs -o Drivers\STM32L1xx_HAL_Driver\stm32l1xx_hal_i2s.o ..\..\..\Drivers\STM32L1xx_HAL_Driver\Src\stm32l1xx_hal_i2s.c 
arm-atollic-eabi-gcc -c -mthumb -mcpu=cortex-m3 -std=gnu11 -D__weak=__attribute__((weak)) -D__packed=__attribute__((__packed__)) -DUSE_HAL_DRIVER -DSTM32L152xD -I../../../Inc -I../../../Drivers/STM32L1xx_HAL_Driver/Inc -I../../../Drivers/STM32L1xx_HAL_Driver/Inc/Legacy -I../../../Middlewares/Third_Party/FatFs/src/drivers -I../../../Middlewares/ST/STM32_USB_Device_Library/Core/Inc -I../../../Middlewares/ST/STM32_USB_Device_Library/Class/DFU/Inc -I../../../Drivers/CMSIS/Device/ST/STM32L1xx/Include -I../../../Middlewares/Third_Party/FatFs/src -I../../../Drivers/CMSIS/Include -Os -ffunction-sections -fdata-sections -g -fstack-usage -Wall -specs=nano.specs -o Middlewares\FatFs\diskio.o ..\..\..\Middlewares\Third_Party\FatFs\src\diskio.c 
arm-atollic-eabi-gcc -c -mthumb -mcpu=cortex-m3 -std=gnu11 -D__weak=__attribute__((weak)) -D__packed=__attribute__((__packed__)) -DUSE_HAL_DRIVER -DSTM32L152xD -I../../../Inc -I../../../Drivers/STM32L1xx_HAL_Driver/Inc -I../../../Drivers/STM32L1xx_HAL_Driver/Inc/Legacy -I../../../Middlewares/Third_Party/FatFs/src/drivers -I../../../Middlewares/ST/STM32_USB_Device_Library/Core/Inc -I../../../Middlewares/ST/STM32_USB_Device_Library/Class/DFU/Inc -I../../../Drivers/CMSIS/Device/ST/STM32L1xx/Include -I../../../Middlewares/Third_Party/FatFs/src -I../../../Drivers/CMSIS/Include -Os -ffunction-sections -fdata-sections -g -fstack-usage -Wall -specs=nano.specs -o Drivers\STM32L1xx_HAL_Driver\stm32l1xx_hal.o ..\..\..\Drivers\STM32L1xx_HAL_Driver\Src\stm32l1xx_hal.c 
arm-atollic-eabi-gcc -c -mthumb -mcpu=cortex-m3 -std=gnu11 -D__weak=__attribute__((weak)) -D__packed=__attribute__((__packed__)) -DUSE_HAL_DRIVER -DSTM32L152xD -I../../../Inc -I../../../Drivers/STM32L1xx_HAL_Driver/Inc -I../../../Drivers/STM32L1xx_HAL_Driver/Inc/Legacy -I../../../Middlewares/Third_Party/FatFs/src/drivers -I../../../Middlewares/ST/STM32_USB_Device_Library/Core/Inc -I../../../Middlewares/ST/STM32_USB_Device_Library/Class/DFU/Inc -I../../../Drivers/CMSIS/Device/ST/STM32L1xx/Include -I../../../Middlewares/Third_Party/FatFs/src -I../../../Drivers/CMSIS/Include -Os -ffunction-sections -fdata-sections -g -fstack-usage -Wall -specs=nano.specs -o Middlewares\USB_Device_Library\usbd_dfu.o ..\..\..\Middlewares\ST\STM32_USB_Device_Library\Class\DFU\Src\usbd_dfu.c 
arm-atollic-eabi-gcc -c -mthumb -mcpu=cortex-m3 -std=gnu11 -D__weak=__attribute__((weak)) -D__packed=__attribute__((__packed__)) -DUSE_HAL_DRIVER -DSTM32L152xD -I../../../Inc -I../../../Drivers/STM32L1xx_HAL_Driver/Inc -I../../../Drivers/STM32L1xx_HAL_Driver/Inc/Legacy -I../../../Middlewares/Third_Party/FatFs/src/drivers -I../../../Middlewares/ST/STM32_USB_Device_Library/Core/Inc -I../../../Middlewares/ST/STM32_USB_Device_Library/Class/DFU/Inc -I../../../Drivers/CMSIS/Device/ST/STM32L1xx/Include -I../../../Middlewares/Third_Party/FatFs/src -I../../../Drivers/CMSIS/Include -Os -ffunction-sections -fdata-sections -g -fstack-usage -Wall -specs=nano.specs -o Application\User\usbd_desc.o ..\..\..\Src\usbd_desc.c 
arm-atollic-eabi-gcc -c -mthumb -mcpu=cortex-m3 -g -Wa,--no-warn -x assembler-with-cpp -specs=nano.specs -o Application\TrueSTUDIO\startup_stm32l152xd.o ..\..\startup_stm32l152xd.s 
arm-atollic-eabi-gcc -c -mthumb -mcpu=cortex-m3 -std=gnu11 -D__weak=__attribute__((weak)) -D__packed=__attribute__((__packed__)) -DUSE_HAL_DRIVER -DSTM32L152xD -I../../../Inc -I../../../Drivers/STM32L1xx_HAL_Driver/Inc -I../../../Drivers/STM32L1xx_HAL_Driver/Inc/Legacy -I../../../Middlewares/Third_Party/FatFs/src/drivers -I../../../Middlewares/ST/STM32_USB_Device_Library/Core/Inc -I../../../Middlewares/ST/STM32_USB_Device_Library/Class/DFU/Inc -I../../../Drivers/CMSIS/Device/ST/STM32L1xx/Include -I../../../Middlewares/Third_Party/FatFs/src -I../../../Drivers/CMSIS/Include -Os -ffunction-sections -fdata-sections -g -fstack-usage -Wall -specs=nano.specs -o Application\User\tim.o ..\..\..\Src\tim.c 
arm-atollic-eabi-gcc -c -mthumb -mcpu=cortex-m3 -std=gnu11 -D__weak=__attribute__((weak)) -D__packed=__attribute__((__packed__)) -DUSE_HAL_DRIVER -DSTM32L152xD -I../../../Inc -I../../../Drivers/STM32L1xx_HAL_Driver/Inc -I../../../Drivers/STM32L1xx_HAL_Driver/Inc/Legacy -I../../../Middlewares/Third_Party/FatFs/src/drivers -I../../../Middlewares/ST/STM32_USB_Device_Library/Core/Inc -I../../../Middlewares/ST/STM32_USB_Device_Library/Class/DFU/Inc -I../../../Drivers/CMSIS/Device/ST/STM32L1xx/Include -I../../../Middlewares/Third_Party/FatFs/src -I../../../Drivers/CMSIS/Include -Os -ffunction-sections -fdata-sections -g -fstack-usage -Wall -specs=nano.specs -o Drivers\STM32L1xx_HAL_Driver\stm32l1xx_hal_tim.o ..\..\..\Drivers\STM32L1xx_HAL_Driver\Src\stm32l1xx_hal_tim.c 
arm-atollic-eabi-gcc -c -mthumb -mcpu=cortex-m3 -std=gnu11 -D__weak=__attribute__((weak)) -D__packed=__attribute__((__packed__)) -DUSE_HAL_DRIVER -DSTM32L152xD -I../../../Inc -I../../../Drivers/STM32L1xx_HAL_Driver/Inc -I../../../Drivers/STM32L1xx_HAL_Driver/Inc/Legacy -I../../../Middlewares/Third_Party/FatFs/src/drivers -I../../../Middlewares/ST/STM32_USB_Device_Library/Core/Inc -I../../../Middlewares/ST/STM32_USB_Device_Library/Class/DFU/Inc -I../../../Drivers/CMSIS/Device/ST/STM32L1xx/Include -I../../../Middlewares/Third_Party/FatFs/src -I../../../Drivers/CMSIS/Include -Os -ffunction-sections -fdata-sections -g -fstack-usage -Wall -specs=nano.specs -o Drivers\STM32L1xx_HAL_Driver\stm32l1xx_hal_uart.o ..\..\..\Drivers\STM32L1xx_HAL_Driver\Src\stm32l1xx_hal_uart.c 
arm-atollic-eabi-gcc -c -mthumb -mcpu=cortex-m3 -std=gnu11 -D__weak=__attribute__((weak)) -D__packed=__attribute__((__packed__)) -DUSE_HAL_DRIVER -DSTM32L152xD -I../../../Inc -I../../../Drivers/STM32L1xx_HAL_Driver/Inc -I../../../Drivers/STM32L1xx_HAL_Driver/Inc/Legacy -I../../../Middlewares/Third_Party/FatFs/src/drivers -I../../../Middlewares/ST/STM32_USB_Device_Library/Core/Inc -I../../../Middlewares/ST/STM32_USB_Device_Library/Class/DFU/Inc -I../../../Drivers/CMSIS/Device/ST/STM32L1xx/Include -I../../../Middlewares/Third_Party/FatFs/src -I../../../Drivers/CMSIS/Include -Os -ffunction-sections -fdata-sections -g -fstack-usage -Wall -specs=nano.specs -o Drivers\STM32L1xx_HAL_Driver\stm32l1xx_hal_sd.o ..\..\..\Drivers\STM32L1xx_HAL_Driver\Src\stm32l1xx_hal_sd.c 
arm-atollic-eabi-gcc -c -mthumb -mcpu=cortex-m3 -std=gnu11 -D__weak=__attribute__((weak)) -D__packed=__attribute__((__packed__)) -DUSE_HAL_DRIVER -DSTM32L152xD -I../../../Inc -I../../../Drivers/STM32L1xx_HAL_Driver/Inc -I../../../Drivers/STM32L1xx_HAL_Driver/Inc/Legacy -I../../../Middlewares/Third_Party/FatFs/src/drivers -I../../../Middlewares/ST/STM32_USB_Device_Library/Core/Inc -I../../../Middlewares/ST/STM32_USB_Device_Library/Class/DFU/Inc -I../../../Drivers/CMSIS/Device/ST/STM32L1xx/Include -I../../../Middlewares/Third_Party/FatFs/src -I../../../Drivers/CMSIS/Include -Os -ffunction-sections -fdata-sections -g -fstack-usage -Wall -specs=nano.specs -o Application\User\stm32l1xx_hal_msp.o ..\..\..\Src\stm32l1xx_hal_msp.c 
arm-atollic-eabi-gcc -c -mthumb -mcpu=cortex-m3 -std=gnu11 -D__weak=__attribute__((weak)) -D__packed=__attribute__((__packed__)) -DUSE_HAL_DRIVER -DSTM32L152xD -I../../../Inc -I../../../Drivers/STM32L1xx_HAL_Driver/Inc -I../../../Drivers/STM32L1xx_HAL_Driver/Inc/Legacy -I../../../Middlewares/Third_Party/FatFs/src/drivers -I../../../Middlewares/ST/STM32_USB_Device_Library/Core/Inc -I../../../Middlewares/ST/STM32_USB_Device_Library/Class/DFU/Inc -I../../../Drivers/CMSIS/Device/ST/STM32L1xx/Include -I../../../Middlewares/Third_Party/FatFs/src -I../../../Drivers/CMSIS/Include -Os -ffunction-sections -fdata-sections -g -fstack-usage -Wall -specs=nano.specs -o Drivers\STM32L1xx_HAL_Driver\stm32l1xx_hal_rcc.o ..\..\..\Drivers\STM32L1xx_HAL_Driver\Src\stm32l1xx_hal_rcc.c 
arm-atollic-eabi-gcc -c -mthumb -mcpu=cortex-m3 -std=gnu11 -D__weak=__attribute__((weak)) -D__packed=__attribute__((__packed__)) -DUSE_HAL_DRIVER -DSTM32L152xD -I../../../Inc -I../../../Drivers/STM32L1xx_HAL_Driver/Inc -I../../../Drivers/STM32L1xx_HAL_Driver/Inc/Legacy -I../../../Middlewares/Third_Party/FatFs/src/drivers -I../../../Middlewares/ST/STM32_USB_Device_Library/Core/Inc -I../../../Middlewares/ST/STM32_USB_Device_Library/Class/DFU/Inc -I../../../Drivers/CMSIS/Device/ST/STM32L1xx/Include -I../../../Middlewares/Third_Party/FatFs/src -I../../../Drivers/CMSIS/Include -Os -ffunction-sections -fdata-sections -g -fstack-usage -Wall -specs=nano.specs -o Drivers\STM32L1xx_HAL_Driver\stm32l1xx_hal_tim_ex.o ..\..\..\Drivers\STM32L1xx_HAL_Driver\Src\stm32l1xx_hal_tim_ex.c 
arm-atollic-eabi-gcc -c -mthumb -mcpu=cortex-m3 -std=gnu11 -D__weak=__attribute__((weak)) -D__packed=__attribute__((__packed__)) -DUSE_HAL_DRIVER -DSTM32L152xD -I../../../Inc -I../../../Drivers/STM32L1xx_HAL_Driver/Inc -I../../../Drivers/STM32L1xx_HAL_Driver/Inc/Legacy -I../../../Middlewares/Third_Party/FatFs/src/drivers -I../../../Middlewares/ST/STM32_USB_Device_Library/Core/Inc -I../../../Middlewares/ST/STM32_USB_Device_Library/Class/DFU/Inc -I../../../Drivers/CMSIS/Device/ST/STM32L1xx/Include -I../../../Middlewares/Third_Party/FatFs/src -I../../../Drivers/CMSIS/Include -Os -ffunction-sections -fdata-sections -g -fstack-usage -Wall -specs=nano.specs -o Drivers\STM32L1xx_HAL_Driver\stm32l1xx_hal_dac.o ..\..\..\Drivers\STM32L1xx_HAL_Driver\Src\stm32l1xx_hal_dac.c 
arm-atollic-eabi-gcc -o STM32L152VDT.elf Application\TrueSTUDIO\startup_stm32l152xd.o Application\User\adc.o Application\User\bsp_driver_sd.o Application\User\comp.o Application\User\crc.o Application\User\dac.o Application\User\fatfs.o Application\User\gpio.o Application\User\i2c.o Application\User\i2s.o Application\User\main.o Application\User\rtc.o Application\User\sdio.o Application\User\spi.o Application\User\stm32l1xx_hal_msp.o Application\User\stm32l1xx_it.o Application\User\tim.o Application\User\usart.o Application\User\usb_device.o Application\User\usbd_conf.o Application\User\usbd_desc.o Application\User\usbd_dfu_if.o Drivers\CMSIS\system_stm32l1xx.o Drivers\STM32L1xx_HAL_Driver\stm32l1xx_hal.o Drivers\STM32L1xx_HAL_Driver\stm32l1xx_hal_adc.o Drivers\STM32L1xx_HAL_Driver\stm32l1xx_hal_adc_ex.o Drivers\STM32L1xx_HAL_Driver\stm32l1xx_hal_comp.o Drivers\STM32L1xx_HAL_Driver\stm32l1xx_hal_cortex.o Drivers\STM32L1xx_HAL_Driver\stm32l1xx_hal_crc.o Drivers\STM32L1xx_HAL_Driver\stm32l1xx_hal_dac.o Drivers\STM32L1xx_HAL_Driver\stm32l1xx_hal_dac_ex.o Drivers\STM32L1xx_HAL_Driver\stm32l1xx_hal_dma.o Drivers\STM32L1xx_HAL_Driver\stm32l1xx_hal_flash.o Drivers\STM32L1xx_HAL_Driver\stm32l1xx_hal_flash_ex.o Drivers\STM32L1xx_HAL_Driver\stm32l1xx_hal_flash_ramfunc.o Drivers\STM32L1xx_HAL_Driver\stm32l1xx_hal_gpio.o Drivers\STM32L1xx_HAL_Driver\stm32l1xx_hal_i2c.o Drivers\STM32L1xx_HAL_Driver\stm32l1xx_hal_i2s.o Drivers\STM32L1xx_HAL_Driver\stm32l1xx_hal_pcd.o Drivers\STM32L1xx_HAL_Driver\stm32l1xx_hal_pcd_ex.o Drivers\STM32L1xx_HAL_Driver\stm32l1xx_hal_pwr.o Drivers\STM32L1xx_HAL_Driver\stm32l1xx_hal_pwr_ex.o Drivers\STM32L1xx_HAL_Driver\stm32l1xx_hal_rcc.o Drivers\STM32L1xx_HAL_Driver\stm32l1xx_hal_rcc_ex.o Drivers\STM32L1xx_HAL_Driver\stm32l1xx_hal_rtc.o Drivers\STM32L1xx_HAL_Driver\stm32l1xx_hal_rtc_ex.o Drivers\STM32L1xx_HAL_Driver\stm32l1xx_hal_sd.o Drivers\STM32L1xx_HAL_Driver\stm32l1xx_hal_spi.o Drivers\STM32L1xx_HAL_Driver\stm32l1xx_hal_spi_ex.o Drivers\STM32L1xx_HAL_Driver\stm32l1xx_hal_tim.o Drivers\STM32L1xx_HAL_Driver\stm32l1xx_hal_tim_ex.o Drivers\STM32L1xx_HAL_Driver\stm32l1xx_hal_uart.o Drivers\STM32L1xx_HAL_Driver\stm32l1xx_ll_sdmmc.o Middlewares\FatFs\diskio.o Middlewares\FatFs\ff.o Middlewares\FatFs\ff_gen_drv.o Middlewares\FatFs\sd_diskio.o Middlewares\FatFs\syscall.o Middlewares\USB_Device_Library\usbd_core.o Middlewares\USB_Device_Library\usbd_ctlreq.o Middlewares\USB_Device_Library\usbd_dfu.o Middlewares\USB_Device_Library\usbd_ioreq.o -mthumb -mcpu=cortex-m3 -T../STM32L152VD_FLASH.ld -specs=nosys.specs -static -Wl,-Map=STM32L152VDT.map -Wl,--gc-sections -Wl,--defsym=malloc_getpagesize_P=0x80 -Wl,--start-group -lc -lm -Wl,--end-group -specs=nano.specs 
C:\Program Files (x86)\Atollic\TrueSTUDIO for STM32 9.0.0\ide\jre\bin\java -jar C:\Program Files (x86)\Atollic\TrueSTUDIO for STM32 9.0.0\Tools\arm-atollic-reports.jar sizeinfo list STM32L152VDT.elf 
Generate build reports...
Print size information
   text	   data	    bss	    dec	    hex	filename
  24884	    196	   6760	  31840	   7c60	STM32L152VDT.elf
Print size information done
Generate listing file
Output sent to: STM32L152VDT.list
Generate listing file done
Generate build reports done
